// Jest Snapshot v1, https://goo.gl/fbAQLP

exports[`Renders <NumberPad /> correctly 1`] = `
<div
  className="calc_num_pad"
>
  <span>
    <button
      id="1"
      onClick={[Function]}
      type="button"
    >
      1
    </button>
  </span>
  <span>
    <button
      id="2"
      onClick={[Function]}
      type="button"
    >
      2
    </button>
  </span>
  <span>
    <button
      id="3"
      onClick={[Function]}
      type="button"
    >
      3
    </button>
  </span>
  <span>
    <button
      id="4"
      onClick={[Function]}
      type="button"
    >
      4
    </button>
  </span>
  <span>
    <button
      id="5"
      onClick={[Function]}
      type="button"
    >
      5
    </button>
  </span>
  <span>
    <button
      id="6"
      onClick={[Function]}
      type="button"
    >
      6
    </button>
  </span>
  <span>
    <button
      id="7"
      onClick={[Function]}
      type="button"
    >
      7
    </button>
  </span>
  <span>
    <button
      id="8"
      onClick={[Function]}
      type="button"
    >
      8
    </button>
  </span>
  <span>
    <button
      id="9"
      onClick={[Function]}
      type="button"
    >
      9
    </button>
  </span>
  <span>
    <button
      id="0"
      onClick={[Function]}
      type="button"
    >
      0
    </button>
  </span>
  <span>
    <button
      id="."
      onClick={[Function]}
      type="button"
    >
      .
    </button>
  </span>
</div>
`;

exports[`Renders <NumberPad /> correctly 2`] = `
<div
  className="calc_num_pad"
>
  <span>
    <button
      id="1"
      onClick={[Function]}
      type="button"
    >
      1
    </button>
  </span>
  <span>
    <button
      id="2"
      onClick={[Function]}
      type="button"
    >
      2
    </button>
  </span>
  <span>
    <button
      id="3"
      onClick={[Function]}
      type="button"
    >
      3
    </button>
  </span>
  <span>
    <button
      id="4"
      onClick={[Function]}
      type="button"
    >
      4
    </button>
  </span>
  <span>
    <button
      id="5"
      onClick={[Function]}
      type="button"
    >
      5
    </button>
  </span>
  <span>
    <button
      id="6"
      onClick={[Function]}
      type="button"
    >
      6
    </button>
  </span>
  <span>
    <button
      id="7"
      onClick={[Function]}
      type="button"
    >
      7
    </button>
  </span>
  <span>
    <button
      id="8"
      onClick={[Function]}
      type="button"
    >
      8
    </button>
  </span>
  <span>
    <button
      id="9"
      onClick={[Function]}
      type="button"
    >
      9
    </button>
  </span>
  <span>
    <button
      id="0"
      onClick={[Function]}
      type="button"
    >
      0
    </button>
  </span>
  <span>
    <button
      id="."
      onClick={[Function]}
      type="button"
    >
      .
    </button>
  </span>
</div>
`;
